Microsoft Windows [Version 10.0.18363.1198]
(c) 2019 Microsoft Corporation. All rights reserved.

C:\Users\NITHISH KUMAR>cd Desktop

C:\Users\NITHISH KUMAR\Desktop>cd Education

C:\Users\NITHISH KUMAR\Desktop\Education>git init -b main
Initialized empty Git repository in C:/Users/NITHISH KUMAR/Desktop/Education/.git/

C:\Users\NITHISH KUMAR\Desktop\Education>git add .

C:\Users\NITHISH KUMAR\Desktop\Education>git commit -m "Review Project"
[main (root-commit) 3026ecb] Review Project
 92 files changed, 1695 insertions(+)
 create mode 100644 .gitignore.txt
 create mode 100644 Education/__init__.py
 create mode 100644 Education/__pycache__/__init__.cpython-38.pyc
 create mode 100644 Education/__pycache__/settings.cpython-38.pyc
 create mode 100644 Education/__pycache__/urls.cpython-38.pyc
 create mode 100644 Education/__pycache__/wsgi.cpython-38.pyc
 create mode 100644 Education/asgi.py
 create mode 100644 Education/settings.py
 create mode 100644 Education/urls.py
 create mode 100644 Education/wsgi.py
 create mode 100644 accounts/__init__.py
 create mode 100644 accounts/__pycache__/__init__.cpython-38.pyc
 create mode 100644 accounts/__pycache__/admin.cpython-38.pyc
 create mode 100644 accounts/__pycache__/forms.cpython-38.pyc
 create mode 100644 accounts/__pycache__/models.cpython-38.pyc
 create mode 100644 accounts/__pycache__/urls.cpython-38.pyc
 create mode 100644 accounts/__pycache__/views.cpython-38.pyc
 create mode 100644 accounts/admin.py
 create mode 100644 accounts/apps.py
 create mode 100644 accounts/forms.py
 create mode 100644 accounts/migrations/0001_initial.py
 create mode 100644 accounts/migrations/0002_administrator_student.py
 create mode 100644 accounts/migrations/__init__.py
 create mode 100644 accounts/migrations/__pycache__/0001_initial.cpython-38.pyc
 create mode 100644 accounts/migrations/__pycache__/0002_administrator_student.cpython-38.pyc
 create mode 100644 accounts/migrations/__pycache__/__init__.cpython-38.pyc
 create mode 100644 accounts/models.py
 create mode 100644 accounts/static/accounts/banner.jpg
 create mode 100644 accounts/static/accounts/login.jpg
 create mode 100644 accounts/static/accounts/register.jpg
 create mode 100644 accounts/static/accounts/style1.css
 create mode 100644 accounts/static/accounts/style_register.css
 create mode 100644 accounts/templates/accounts/administrator_register.html
 create mode 100644 accounts/templates/accounts/edit_administrator_form.html
 create mode 100644 accounts/templates/accounts/edit_student_form.html
 create mode 100644 accounts/templates/accounts/login.html
 create mode 100644 accounts/templates/accounts/password_reset.html
 create mode 100644 accounts/templates/accounts/password_reset_complete.html
 create mode 100644 accounts/templates/accounts/password_reset_confirm.html
 create mode 100644 accounts/templates/accounts/password_reset_done.html
 create mode 100644 accounts/templates/accounts/password_reset_email.html
 create mode 100644 accounts/templates/accounts/profile.html
 create mode 100644 accounts/templates/accounts/register.html
 create mode 100644 accounts/templates/accounts/student_register.html
 create mode 100644 accounts/tests.py
 create mode 100644 accounts/urls.py
 create mode 100644 accounts/views.py
 create mode 100644 mainapp/__init__.py
 create mode 100644 mainapp/__pycache__/__init__.cpython-38.pyc
 create mode 100644 mainapp/__pycache__/admin.cpython-38.pyc
 create mode 100644 mainapp/__pycache__/models.cpython-38.pyc
 create mode 100644 mainapp/__pycache__/urls.cpython-38.pyc
 create mode 100644 mainapp/__pycache__/views.cpython-38.pyc
 create mode 100644 mainapp/admin.py
 create mode 100644 mainapp/apps.py
 create mode 100644 mainapp/migrations/__init__.py
 create mode 100644 mainapp/migrations/__pycache__/__init__.cpython-38.pyc
 create mode 100644 mainapp/models.py
 create mode 100644 mainapp/static/mainapp/background.jpg
 create mode 100644 mainapp/static/mainapp/banner.jpg
 create mode 100644 mainapp/static/mainapp/home.css
 create mode 100644 mainapp/templates/mainapp/background.jpg
 create mode 100644 mainapp/templates/mainapp/home.html
 create mode 100644 mainapp/templates/mainapp/homepage.html
 create mode 100644 mainapp/templates/mainapp/homepage_old.html
 create mode 100644 mainapp/tests.py
 create mode 100644 mainapp/urls.py
 create mode 100644 mainapp/views.py
 create mode 100644 manage.py
 create mode 100644 schools/__init__.py
 create mode 100644 schools/__pycache__/__init__.cpython-38.pyc
 create mode 100644 schools/__pycache__/admin.cpython-38.pyc
 create mode 100644 schools/__pycache__/models.cpython-38.pyc
 create mode 100644 schools/__pycache__/urls.cpython-38.pyc
 create mode 100644 schools/admin.py
 create mode 100644 schools/api/__init__.py
 create mode 100644 schools/api/__pycache__/__init__.cpython-38.pyc
 create mode 100644 schools/api/__pycache__/serializers.cpython-38.pyc
 create mode 100644 schools/api/__pycache__/urls.cpython-38.pyc
 create mode 100644 schools/api/__pycache__/views.cpython-38.pyc
 create mode 100644 schools/api/serializers.py
 create mode 100644 schools/api/urls.py
 create mode 100644 schools/api/views.py
 create mode 100644 schools/apps.py
 create mode 100644 schools/migrations/0001_initial.py
 create mode 100644 schools/migrations/__init__.py
 create mode 100644 schools/migrations/__pycache__/0001_initial.cpython-38.pyc
 create mode 100644 schools/migrations/__pycache__/__init__.cpython-38.pyc
 create mode 100644 schools/models.py
 create mode 100644 schools/tests.py
 create mode 100644 schools/urls.py
 create mode 100644 schools/views.py

C:\Users\NITHISH KUMAR\Desktop\Education>git remote add origin https://github.com/Nithish-277/SchoolProject.git

C:\Users\NITHISH KUMAR\Desktop\Education>git remote -v
origin  https://github.com/Nithish-277/SchoolProject.git (fetch)
origin  https://github.com/Nithish-277/SchoolProject.git (push)

C:\Users\NITHISH KUMAR\Desktop\Education>git push origin main
To https://github.com/Nithish-277/SchoolProject.git
 ! [rejected]        main -> main (fetch first)
error: failed to push some refs to 'https://github.com/Nithish-277/SchoolProject.git'
hint: Updates were rejected because the remote contains work that you do
hint: not have locally. This is usually caused by another repository pushing
hint: to the same ref. You may want to first integrate the remote changes
hint: (e.g., 'git pull ...') before pushing again.
hint: See the 'Note about fast-forwards' in 'git push --help' for details.

C:\Users\NITHISH KUMAR\Desktop\Education>git pull
warning: no common commits
remote: Enumerating objects: 3, done.
remote: Counting objects: 100% (3/3), done.
remote: Total 3 (delta 0), reused 0 (delta 0), pack-reused 0
Unpacking objects: 100% (3/3), 601 bytes | 1024 bytes/s, done.
From https://github.com/Nithish-277/SchoolProject
 * [new branch]      main       -> origin/main
There is no tracking information for the current branch.
Please specify which branch you want to merge with.
See git-pull(1) for details.

    git pull <remote> <branch>

If you wish to set tracking information for this branch you can do so with:

    git branch --set-upstream-to=origin/<branch> main


C:\Users\NITHISH KUMAR\Desktop\Education>git pull main
fatal: 'main' does not appear to be a git repository
fatal: Could not read from remote repository.

Please make sure you have the correct access rights
and the repository exists.

C:\Users\NITHISH KUMAR\Desktop\Education>git pull https://github.com/Nithish-277/SchoolProject.git main
From https://github.com/Nithish-277/SchoolProject
 * branch            main       -> FETCH_HEAD
fatal: refusing to merge unrelated histories

C:\Users\NITHISH KUMAR\Desktop\Education>git push origin main
To https://github.com/Nithish-277/SchoolProject.git
 ! [rejected]        main -> main (non-fast-forward)
error: failed to push some refs to 'https://github.com/Nithish-277/SchoolProject.git'
hint: Updates were rejected because the tip of your current branch is behind
hint: its remote counterpart. Integrate the remote changes (e.g.
hint: 'git pull ...') before pushing again.
hint: See the 'Note about fast-forwards' in 'git push --help' for details.

C:\Users\NITHISH KUMAR\Desktop\Education>